// Jest Snapshot v1, https://goo.gl/fbAQLP

exports[`Header Component should match snapshot 1`] = `
<ContextProvider
  value={
    Object {
      "store": Object {
        "clearActions": [Function],
        "dispatch": [Function],
        "getActions": [Function],
        "getState": [Function],
        "replaceReducer": [Function],
        "subscribe": [Function],
      },
      "storeState": Object {
        "cart": Object {
          "cart": Array [
            Object {
              "id": 1,
              "image": "some url",
              "title": "test title",
            },
          ],
          "noOfItems": 0,
        },
      },
    }
  }
>
  <MemoryRouter>
    <Header
      auth={
        Object {
          "user": Object {},
        }
      }
      cart={
        Object {
          "cart": Array [
            Object {
              "id": 1,
              "image": "some url",
              "title": "test title",
            },
          ],
          "noOfItems": 0,
        }
      }
      getCartItems={[Function]}
      userData={[Function]}
    />
  </MemoryRouter>
</ContextProvider>
`;
